2026-05-14 16:25:42,869 - INFO - ======================================================================
2026-05-14 16:25:42,870 - INFO - 🚦 RUN STARTED
2026-05-14 16:25:42,870 - INFO -    Run ID   : 5e01822d-d5d8-4e04-858e-f96289d8e658
2026-05-14 16:25:42,871 - INFO -    Start    : 2026-05-14 16:25:42
2026-05-14 16:25:42,871 - INFO -    Log file : logs\run_2026-05-14_16-25-42.log
2026-05-14 16:25:42,871 - INFO - ======================================================================
2026-05-14 16:25:44,689 - INFO - 📋 Loaded 1 enabled target(s) from Firestore.
2026-05-14 16:25:51,230 - INFO - ----------------------------------------------------------------------
2026-05-14 16:25:51,230 - INFO - 🎯 TARGET: 'Aston Martin' | site=autotrader | maxPages=2
2026-05-14 16:25:51,230 - ERROR - ❌ No adapter registered for site 'autotrader'. Available: ['webuycars', 'carsza']
2026-05-14 16:25:57,053 - INFO - ======================================================================
2026-05-14 16:25:57,053 - INFO - 🏁 RUN FINISHED
2026-05-14 16:25:57,054 - INFO -    Run ID     : 5e01822d-d5d8-4e04-858e-f96289d8e658
2026-05-14 16:25:57,054 - INFO -    Start      : 2026-05-14 16:25:42
2026-05-14 16:25:57,054 - INFO -    End        : 2026-05-14 16:25:57
2026-05-14 16:25:57,054 - INFO -    Duration   : 0:00:14
2026-05-14 16:25:57,055 - INFO -    Cars saved : 0
2026-05-14 16:25:57,055 - INFO -    Targets ✔  : 0
2026-05-14 16:25:57,055 - INFO -    Targets ⏭  : 0
2026-05-14 16:25:57,055 - INFO -    Targets ✗  : 1
2026-05-14 16:25:57,056 - INFO -    Log file   : logs\run_2026-05-14_16-25-42.log
2026-05-14 16:25:57,056 - INFO - ======================================================================
