2026-05-14 10:42:35,680 - INFO - ======================================================================
2026-05-14 10:42:35,681 - INFO - 🚦 RUN STARTED
2026-05-14 10:42:35,681 - INFO -    Run ID   : 22b833de-5f36-4800-bb30-b3111138eb27
2026-05-14 10:42:35,682 - INFO -    Start    : 2026-05-14 10:42:35
2026-05-14 10:42:35,682 - INFO -    Log file : logs\run_2026-05-14_10-42-35.log
2026-05-14 10:42:35,682 - INFO - ======================================================================
2026-05-14 10:42:38,717 - INFO - 📋 Loaded 1 enabled target(s) from Firestore.
2026-05-14 10:42:41,458 - INFO - ----------------------------------------------------------------------
2026-05-14 10:42:41,459 - INFO - 🎯 TARGET: 'jetour' | site=webuycars | maxPages=5
2026-05-14 10:42:41,460 - ERROR - ❌ No adapter registered for site 'webuycars'. Available: ['carsza']
2026-05-14 10:42:45,824 - INFO - ======================================================================
2026-05-14 10:42:45,824 - INFO - 🏁 RUN FINISHED
2026-05-14 10:42:45,825 - INFO -    Run ID     : 22b833de-5f36-4800-bb30-b3111138eb27
2026-05-14 10:42:45,825 - INFO -    Start      : 2026-05-14 10:42:35
2026-05-14 10:42:45,825 - INFO -    End        : 2026-05-14 10:42:45
2026-05-14 10:42:45,825 - INFO -    Duration   : 0:00:10
2026-05-14 10:42:45,826 - INFO -    Cars saved : 0
2026-05-14 10:42:45,826 - INFO -    Targets ✔  : 0
2026-05-14 10:42:45,826 - INFO -    Targets ⏭  : 0
2026-05-14 10:42:45,826 - INFO -    Targets ✗  : 1
2026-05-14 10:42:45,826 - INFO -    Log file   : logs\run_2026-05-14_10-42-35.log
2026-05-14 10:42:45,827 - INFO - ======================================================================
