2026-05-14 14:29:19,732 - INFO - ======================================================================
2026-05-14 14:29:19,733 - INFO - 🚦 RUN STARTED
2026-05-14 14:29:19,735 - INFO -    Run ID   : 6d7e7bfa-1458-4c18-8092-29e7f7f31496
2026-05-14 14:29:19,736 - INFO -    Start    : 2026-05-14 14:29:19
2026-05-14 14:29:19,758 - INFO -    Log file : logs\run_2026-05-14_14-29-19.log
2026-05-14 14:29:19,759 - INFO - ======================================================================
2026-05-14 14:29:22,120 - ERROR - AuthMetadataPluginCallback "<google.auth.transport.grpc.AuthMetadataPlugin object at 0x000001F7C3776A50>" raised exception!
Traceback (most recent call last):
  File "C:\Users\Dale\AppData\Roaming\Python\Python313\site-packages\grpc\_plugin_wrapping.py", line 105, in __call__
    self._metadata_plugin(
    ~~~~~~~~~~~~~~~~~~~~~^
        context, _AuthMetadataPluginCallback(callback_state, callback)
        ^^^^^^^^^^^^^^^^^^^^^^^^^^^^^^^^^^^^^^^^^^^^^^^^^^^^^^^^^^^^^^
    )
    ^
  File "C:\Users\Dale\AppData\Roaming\Python\Python313\site-packages\google\auth\transport\grpc.py", line 93, in __call__
    callback(self._get_authorization_headers(context), None)
             ~~~~~~~~~~~~~~~~~~~~~~~~~~~~~~~^^^^^^^^^
  File "C:\Users\Dale\AppData\Roaming\Python\Python313\site-packages\google\auth\transport\grpc.py", line 79, in _get_authorization_headers
    self._credentials.before_request(
    ~~~~~~~~~~~~~~~~~~~~~~~~~~~~~~~~^
        self._request, context.method_name, context.service_url, headers
        ^^^^^^^^^^^^^^^^^^^^^^^^^^^^^^^^^^^^^^^^^^^^^^^^^^^^^^^^^^^^^^^^
    )
    ^
  File "C:\Users\Dale\AppData\Roaming\Python\Python313\site-packages\google\auth\credentials.py", line 469, in before_request
    self._blocking_refresh(request)
    ~~~~~~~~~~~~~~~~~~~~~~^^^^^^^^^
  File "C:\Users\Dale\AppData\Roaming\Python\Python313\site-packages\google\auth\credentials.py", line 203, in _blocking_refresh
    self.refresh(request)
    ~~~~~~~~~~~~^^^^^^^^^
  File "C:\Users\Dale\AppData\Roaming\Python\Python313\site-packages\google\auth\credentials.py", line 482, in refresh
    self._perform_refresh_token(request)
    ~~~~~~~~~~~~~~~~~~~~~~~~~~~^^^^^^^^^
  File "C:\Users\Dale\AppData\Roaming\Python\Python313\site-packages\google\oauth2\service_account.py", line 460, in _perform_refresh_token
    access_token, expiry, _ = _client.jwt_grant(
                              ~~~~~~~~~~~~~~~~~^
        request, self._token_uri, assertion
        ^^^^^^^^^^^^^^^^^^^^^^^^^^^^^^^^^^^
    )
    ^
  File "C:\Users\Dale\AppData\Roaming\Python\Python313\site-packages\google\oauth2\_client.py", line 307, in jwt_grant
    response_data = _token_endpoint_request(
        request,
    ...<5 lines>...
        },
    )
  File "C:\Users\Dale\AppData\Roaming\Python\Python313\site-packages\google\oauth2\_client.py", line 278, in _token_endpoint_request
    _handle_error_response(response_data, retryable_error)
    ~~~~~~~~~~~~~~~~~~~~~~^^^^^^^^^^^^^^^^^^^^^^^^^^^^^^^^
  File "C:\Users\Dale\AppData\Roaming\Python\Python313\site-packages\google\oauth2\_client.py", line 73, in _handle_error_response
    raise exceptions.RefreshError(
        error_details, response_data, retryable=retryable_error
    )
google.auth.exceptions.RefreshError: ('invalid_grant: Invalid JWT Signature.', {'error': 'invalid_grant', 'error_description': 'Invalid JWT Signature.'})
2026-05-14 14:29:22,774 - ERROR - AuthMetadataPluginCallback "<google.auth.transport.grpc.AuthMetadataPlugin object at 0x000001F7C3776A50>" raised exception!
Traceback (most recent call last):
  File "C:\Users\Dale\AppData\Roaming\Python\Python313\site-packages\grpc\_plugin_wrapping.py", line 105, in __call__
    self._metadata_plugin(
    ~~~~~~~~~~~~~~~~~~~~~^
        context, _AuthMetadataPluginCallback(callback_state, callback)
        ^^^^^^^^^^^^^^^^^^^^^^^^^^^^^^^^^^^^^^^^^^^^^^^^^^^^^^^^^^^^^^
    )
    ^
  File "C:\Users\Dale\AppData\Roaming\Python\Python313\site-packages\google\auth\transport\grpc.py", line 93, in __call__
    callback(self._get_authorization_headers(context), None)
             ~~~~~~~~~~~~~~~~~~~~~~~~~~~~~~~^^^^^^^^^
  File "C:\Users\Dale\AppData\Roaming\Python\Python313\site-packages\google\auth\transport\grpc.py", line 79, in _get_authorization_headers
    self._credentials.before_request(
    ~~~~~~~~~~~~~~~~~~~~~~~~~~~~~~~~^
        self._request, context.method_name, context.service_url, headers
        ^^^^^^^^^^^^^^^^^^^^^^^^^^^^^^^^^^^^^^^^^^^^^^^^^^^^^^^^^^^^^^^^
    )
    ^
  File "C:\Users\Dale\AppData\Roaming\Python\Python313\site-packages\google\auth\credentials.py", line 469, in before_request
    self._blocking_refresh(request)
    ~~~~~~~~~~~~~~~~~~~~~~^^^^^^^^^
  File "C:\Users\Dale\AppData\Roaming\Python\Python313\site-packages\google\auth\credentials.py", line 203, in _blocking_refresh
    self.refresh(request)
    ~~~~~~~~~~~~^^^^^^^^^
  File "C:\Users\Dale\AppData\Roaming\Python\Python313\site-packages\google\auth\credentials.py", line 482, in refresh
    self._perform_refresh_token(request)
    ~~~~~~~~~~~~~~~~~~~~~~~~~~~^^^^^^^^^
  File "C:\Users\Dale\AppData\Roaming\Python\Python313\site-packages\google\oauth2\service_account.py", line 460, in _perform_refresh_token
    access_token, expiry, _ = _client.jwt_grant(
                              ~~~~~~~~~~~~~~~~~^
        request, self._token_uri, assertion
        ^^^^^^^^^^^^^^^^^^^^^^^^^^^^^^^^^^^
    )
    ^
  File "C:\Users\Dale\AppData\Roaming\Python\Python313\site-packages\google\oauth2\_client.py", line 307, in jwt_grant
    response_data = _token_endpoint_request(
        request,
    ...<5 lines>...
        },
    )
  File "C:\Users\Dale\AppData\Roaming\Python\Python313\site-packages\google\oauth2\_client.py", line 278, in _token_endpoint_request
    _handle_error_response(response_data, retryable_error)
    ~~~~~~~~~~~~~~~~~~~~~~^^^^^^^^^^^^^^^^^^^^^^^^^^^^^^^^
  File "C:\Users\Dale\AppData\Roaming\Python\Python313\site-packages\google\oauth2\_client.py", line 73, in _handle_error_response
    raise exceptions.RefreshError(
        error_details, response_data, retryable=retryable_error
    )
google.auth.exceptions.RefreshError: ('invalid_grant: Invalid JWT Signature.', {'error': 'invalid_grant', 'error_description': 'Invalid JWT Signature.'})
2026-05-14 14:29:23,204 - ERROR - AuthMetadataPluginCallback "<google.auth.transport.grpc.AuthMetadataPlugin object at 0x000001F7C3776A50>" raised exception!
Traceback (most recent call last):
  File "C:\Users\Dale\AppData\Roaming\Python\Python313\site-packages\grpc\_plugin_wrapping.py", line 105, in __call__
    self._metadata_plugin(
    ~~~~~~~~~~~~~~~~~~~~~^
        context, _AuthMetadataPluginCallback(callback_state, callback)
        ^^^^^^^^^^^^^^^^^^^^^^^^^^^^^^^^^^^^^^^^^^^^^^^^^^^^^^^^^^^^^^
    )
    ^
  File "C:\Users\Dale\AppData\Roaming\Python\Python313\site-packages\google\auth\transport\grpc.py", line 93, in __call__
    callback(self._get_authorization_headers(context), None)
             ~~~~~~~~~~~~~~~~~~~~~~~~~~~~~~~^^^^^^^^^
  File "C:\Users\Dale\AppData\Roaming\Python\Python313\site-packages\google\auth\transport\grpc.py", line 79, in _get_authorization_headers
    self._credentials.before_request(
    ~~~~~~~~~~~~~~~~~~~~~~~~~~~~~~~~^
        self._request, context.method_name, context.service_url, headers
        ^^^^^^^^^^^^^^^^^^^^^^^^^^^^^^^^^^^^^^^^^^^^^^^^^^^^^^^^^^^^^^^^
    )
    ^
  File "C:\Users\Dale\AppData\Roaming\Python\Python313\site-packages\google\auth\credentials.py", line 469, in before_request
    self._blocking_refresh(request)
    ~~~~~~~~~~~~~~~~~~~~~~^^^^^^^^^
  File "C:\Users\Dale\AppData\Roaming\Python\Python313\site-packages\google\auth\credentials.py", line 203, in _blocking_refresh
    self.refresh(request)
    ~~~~~~~~~~~~^^^^^^^^^
  File "C:\Users\Dale\AppData\Roaming\Python\Python313\site-packages\google\auth\credentials.py", line 482, in refresh
    self._perform_refresh_token(request)
    ~~~~~~~~~~~~~~~~~~~~~~~~~~~^^^^^^^^^
  File "C:\Users\Dale\AppData\Roaming\Python\Python313\site-packages\google\oauth2\service_account.py", line 460, in _perform_refresh_token
    access_token, expiry, _ = _client.jwt_grant(
                              ~~~~~~~~~~~~~~~~~^
        request, self._token_uri, assertion
        ^^^^^^^^^^^^^^^^^^^^^^^^^^^^^^^^^^^
    )
    ^
  File "C:\Users\Dale\AppData\Roaming\Python\Python313\site-packages\google\oauth2\_client.py", line 307, in jwt_grant
    response_data = _token_endpoint_request(
        request,
    ...<5 lines>...
        },
    )
  File "C:\Users\Dale\AppData\Roaming\Python\Python313\site-packages\google\oauth2\_client.py", line 278, in _token_endpoint_request
    _handle_error_response(response_data, retryable_error)
    ~~~~~~~~~~~~~~~~~~~~~~^^^^^^^^^^^^^^^^^^^^^^^^^^^^^^^^
  File "C:\Users\Dale\AppData\Roaming\Python\Python313\site-packages\google\oauth2\_client.py", line 73, in _handle_error_response
    raise exceptions.RefreshError(
        error_details, response_data, retryable=retryable_error
    )
google.auth.exceptions.RefreshError: ('invalid_grant: Invalid JWT Signature.', {'error': 'invalid_grant', 'error_description': 'Invalid JWT Signature.'})
2026-05-14 14:29:23,774 - ERROR - AuthMetadataPluginCallback "<google.auth.transport.grpc.AuthMetadataPlugin object at 0x000001F7C3776A50>" raised exception!
Traceback (most recent call last):
  File "C:\Users\Dale\AppData\Roaming\Python\Python313\site-packages\grpc\_plugin_wrapping.py", line 105, in __call__
    self._metadata_plugin(
    ~~~~~~~~~~~~~~~~~~~~~^
        context, _AuthMetadataPluginCallback(callback_state, callback)
        ^^^^^^^^^^^^^^^^^^^^^^^^^^^^^^^^^^^^^^^^^^^^^^^^^^^^^^^^^^^^^^
    )
    ^
  File "C:\Users\Dale\AppData\Roaming\Python\Python313\site-packages\google\auth\transport\grpc.py", line 93, in __call__
    callback(self._get_authorization_headers(context), None)
             ~~~~~~~~~~~~~~~~~~~~~~~~~~~~~~~^^^^^^^^^
  File "C:\Users\Dale\AppData\Roaming\Python\Python313\site-packages\google\auth\transport\grpc.py", line 79, in _get_authorization_headers
    self._credentials.before_request(
    ~~~~~~~~~~~~~~~~~~~~~~~~~~~~~~~~^
        self._request, context.method_name, context.service_url, headers
        ^^^^^^^^^^^^^^^^^^^^^^^^^^^^^^^^^^^^^^^^^^^^^^^^^^^^^^^^^^^^^^^^
    )
    ^
  File "C:\Users\Dale\AppData\Roaming\Python\Python313\site-packages\google\auth\credentials.py", line 469, in before_request
    self._blocking_refresh(request)
    ~~~~~~~~~~~~~~~~~~~~~~^^^^^^^^^
  File "C:\Users\Dale\AppData\Roaming\Python\Python313\site-packages\google\auth\credentials.py", line 203, in _blocking_refresh
    self.refresh(request)
    ~~~~~~~~~~~~^^^^^^^^^
  File "C:\Users\Dale\AppData\Roaming\Python\Python313\site-packages\google\auth\credentials.py", line 482, in refresh
    self._perform_refresh_token(request)
    ~~~~~~~~~~~~~~~~~~~~~~~~~~~^^^^^^^^^
  File "C:\Users\Dale\AppData\Roaming\Python\Python313\site-packages\google\oauth2\service_account.py", line 460, in _perform_refresh_token
    access_token, expiry, _ = _client.jwt_grant(
                              ~~~~~~~~~~~~~~~~~^
        request, self._token_uri, assertion
        ^^^^^^^^^^^^^^^^^^^^^^^^^^^^^^^^^^^
    )
    ^
  File "C:\Users\Dale\AppData\Roaming\Python\Python313\site-packages\google\oauth2\_client.py", line 307, in jwt_grant
    response_data = _token_endpoint_request(
        request,
    ...<5 lines>...
        },
    )
  File "C:\Users\Dale\AppData\Roaming\Python\Python313\site-packages\google\oauth2\_client.py", line 278, in _token_endpoint_request
    _handle_error_response(response_data, retryable_error)
    ~~~~~~~~~~~~~~~~~~~~~~^^^^^^^^^^^^^^^^^^^^^^^^^^^^^^^^
  File "C:\Users\Dale\AppData\Roaming\Python\Python313\site-packages\google\oauth2\_client.py", line 73, in _handle_error_response
    raise exceptions.RefreshError(
        error_details, response_data, retryable=retryable_error
    )
google.auth.exceptions.RefreshError: ('invalid_grant: Invalid JWT Signature.', {'error': 'invalid_grant', 'error_description': 'Invalid JWT Signature.'})
2026-05-14 14:29:24,172 - ERROR - AuthMetadataPluginCallback "<google.auth.transport.grpc.AuthMetadataPlugin object at 0x000001F7C3776A50>" raised exception!
Traceback (most recent call last):
  File "C:\Users\Dale\AppData\Roaming\Python\Python313\site-packages\grpc\_plugin_wrapping.py", line 105, in __call__
    self._metadata_plugin(
    ~~~~~~~~~~~~~~~~~~~~~^
        context, _AuthMetadataPluginCallback(callback_state, callback)
        ^^^^^^^^^^^^^^^^^^^^^^^^^^^^^^^^^^^^^^^^^^^^^^^^^^^^^^^^^^^^^^
    )
    ^
  File "C:\Users\Dale\AppData\Roaming\Python\Python313\site-packages\google\auth\transport\grpc.py", line 93, in __call__
    callback(self._get_authorization_headers(context), None)
             ~~~~~~~~~~~~~~~~~~~~~~~~~~~~~~~^^^^^^^^^
  File "C:\Users\Dale\AppData\Roaming\Python\Python313\site-packages\google\auth\transport\grpc.py", line 79, in _get_authorization_headers
    self._credentials.before_request(
    ~~~~~~~~~~~~~~~~~~~~~~~~~~~~~~~~^
        self._request, context.method_name, context.service_url, headers
        ^^^^^^^^^^^^^^^^^^^^^^^^^^^^^^^^^^^^^^^^^^^^^^^^^^^^^^^^^^^^^^^^
    )
    ^
  File "C:\Users\Dale\AppData\Roaming\Python\Python313\site-packages\google\auth\credentials.py", line 469, in before_request
    self._blocking_refresh(request)
    ~~~~~~~~~~~~~~~~~~~~~~^^^^^^^^^
  File "C:\Users\Dale\AppData\Roaming\Python\Python313\site-packages\google\auth\credentials.py", line 203, in _blocking_refresh
    self.refresh(request)
    ~~~~~~~~~~~~^^^^^^^^^
  File "C:\Users\Dale\AppData\Roaming\Python\Python313\site-packages\google\auth\credentials.py", line 482, in refresh
    self._perform_refresh_token(request)
    ~~~~~~~~~~~~~~~~~~~~~~~~~~~^^^^^^^^^
  File "C:\Users\Dale\AppData\Roaming\Python\Python313\site-packages\google\oauth2\service_account.py", line 460, in _perform_refresh_token
    access_token, expiry, _ = _client.jwt_grant(
                              ~~~~~~~~~~~~~~~~~^
        request, self._token_uri, assertion
        ^^^^^^^^^^^^^^^^^^^^^^^^^^^^^^^^^^^
    )
    ^
  File "C:\Users\Dale\AppData\Roaming\Python\Python313\site-packages\google\oauth2\_client.py", line 307, in jwt_grant
    response_data = _token_endpoint_request(
        request,
    ...<5 lines>...
        },
    )
  File "C:\Users\Dale\AppData\Roaming\Python\Python313\site-packages\google\oauth2\_client.py", line 278, in _token_endpoint_request
    _handle_error_response(response_data, retryable_error)
    ~~~~~~~~~~~~~~~~~~~~~~^^^^^^^^^^^^^^^^^^^^^^^^^^^^^^^^
  File "C:\Users\Dale\AppData\Roaming\Python\Python313\site-packages\google\oauth2\_client.py", line 73, in _handle_error_response
    raise exceptions.RefreshError(
        error_details, response_data, retryable=retryable_error
    )
google.auth.exceptions.RefreshError: ('invalid_grant: Invalid JWT Signature.', {'error': 'invalid_grant', 'error_description': 'Invalid JWT Signature.'})
2026-05-14 14:29:24,715 - ERROR - AuthMetadataPluginCallback "<google.auth.transport.grpc.AuthMetadataPlugin object at 0x000001F7C3776A50>" raised exception!
Traceback (most recent call last):
  File "C:\Users\Dale\AppData\Roaming\Python\Python313\site-packages\grpc\_plugin_wrapping.py", line 105, in __call__
    self._metadata_plugin(
    ~~~~~~~~~~~~~~~~~~~~~^
        context, _AuthMetadataPluginCallback(callback_state, callback)
        ^^^^^^^^^^^^^^^^^^^^^^^^^^^^^^^^^^^^^^^^^^^^^^^^^^^^^^^^^^^^^^
    )
    ^
  File "C:\Users\Dale\AppData\Roaming\Python\Python313\site-packages\google\auth\transport\grpc.py", line 93, in __call__
    callback(self._get_authorization_headers(context), None)
             ~~~~~~~~~~~~~~~~~~~~~~~~~~~~~~~^^^^^^^^^
  File "C:\Users\Dale\AppData\Roaming\Python\Python313\site-packages\google\auth\transport\grpc.py", line 79, in _get_authorization_headers
    self._credentials.before_request(
    ~~~~~~~~~~~~~~~~~~~~~~~~~~~~~~~~^
        self._request, context.method_name, context.service_url, headers
        ^^^^^^^^^^^^^^^^^^^^^^^^^^^^^^^^^^^^^^^^^^^^^^^^^^^^^^^^^^^^^^^^
    )
    ^
  File "C:\Users\Dale\AppData\Roaming\Python\Python313\site-packages\google\auth\credentials.py", line 469, in before_request
    self._blocking_refresh(request)
    ~~~~~~~~~~~~~~~~~~~~~~^^^^^^^^^
  File "C:\Users\Dale\AppData\Roaming\Python\Python313\site-packages\google\auth\credentials.py", line 203, in _blocking_refresh
    self.refresh(request)
    ~~~~~~~~~~~~^^^^^^^^^
  File "C:\Users\Dale\AppData\Roaming\Python\Python313\site-packages\google\auth\credentials.py", line 482, in refresh
    self._perform_refresh_token(request)
    ~~~~~~~~~~~~~~~~~~~~~~~~~~~^^^^^^^^^
  File "C:\Users\Dale\AppData\Roaming\Python\Python313\site-packages\google\oauth2\service_account.py", line 460, in _perform_refresh_token
    access_token, expiry, _ = _client.jwt_grant(
                              ~~~~~~~~~~~~~~~~~^
        request, self._token_uri, assertion
        ^^^^^^^^^^^^^^^^^^^^^^^^^^^^^^^^^^^
    )
    ^
  File "C:\Users\Dale\AppData\Roaming\Python\Python313\site-packages\google\oauth2\_client.py", line 307, in jwt_grant
    response_data = _token_endpoint_request(
        request,
    ...<5 lines>...
        },
    )
  File "C:\Users\Dale\AppData\Roaming\Python\Python313\site-packages\google\oauth2\_client.py", line 278, in _token_endpoint_request
    _handle_error_response(response_data, retryable_error)
    ~~~~~~~~~~~~~~~~~~~~~~^^^^^^^^^^^^^^^^^^^^^^^^^^^^^^^^
  File "C:\Users\Dale\AppData\Roaming\Python\Python313\site-packages\google\oauth2\_client.py", line 73, in _handle_error_response
    raise exceptions.RefreshError(
        error_details, response_data, retryable=retryable_error
    )
google.auth.exceptions.RefreshError: ('invalid_grant: Invalid JWT Signature.', {'error': 'invalid_grant', 'error_description': 'Invalid JWT Signature.'})
2026-05-14 14:29:25,275 - ERROR - AuthMetadataPluginCallback "<google.auth.transport.grpc.AuthMetadataPlugin object at 0x000001F7C3776A50>" raised exception!
Traceback (most recent call last):
  File "C:\Users\Dale\AppData\Roaming\Python\Python313\site-packages\grpc\_plugin_wrapping.py", line 105, in __call__
    self._metadata_plugin(
    ~~~~~~~~~~~~~~~~~~~~~^
        context, _AuthMetadataPluginCallback(callback_state, callback)
        ^^^^^^^^^^^^^^^^^^^^^^^^^^^^^^^^^^^^^^^^^^^^^^^^^^^^^^^^^^^^^^
    )
    ^
  File "C:\Users\Dale\AppData\Roaming\Python\Python313\site-packages\google\auth\transport\grpc.py", line 93, in __call__
    callback(self._get_authorization_headers(context), None)
             ~~~~~~~~~~~~~~~~~~~~~~~~~~~~~~~^^^^^^^^^
  File "C:\Users\Dale\AppData\Roaming\Python\Python313\site-packages\google\auth\transport\grpc.py", line 79, in _get_authorization_headers
    self._credentials.before_request(
    ~~~~~~~~~~~~~~~~~~~~~~~~~~~~~~~~^
        self._request, context.method_name, context.service_url, headers
        ^^^^^^^^^^^^^^^^^^^^^^^^^^^^^^^^^^^^^^^^^^^^^^^^^^^^^^^^^^^^^^^^
    )
    ^
  File "C:\Users\Dale\AppData\Roaming\Python\Python313\site-packages\google\auth\credentials.py", line 469, in before_request
    self._blocking_refresh(request)
    ~~~~~~~~~~~~~~~~~~~~~~^^^^^^^^^
  File "C:\Users\Dale\AppData\Roaming\Python\Python313\site-packages\google\auth\credentials.py", line 203, in _blocking_refresh
    self.refresh(request)
    ~~~~~~~~~~~~^^^^^^^^^
  File "C:\Users\Dale\AppData\Roaming\Python\Python313\site-packages\google\auth\credentials.py", line 482, in refresh
    self._perform_refresh_token(request)
    ~~~~~~~~~~~~~~~~~~~~~~~~~~~^^^^^^^^^
  File "C:\Users\Dale\AppData\Roaming\Python\Python313\site-packages\google\oauth2\service_account.py", line 460, in _perform_refresh_token
    access_token, expiry, _ = _client.jwt_grant(
                              ~~~~~~~~~~~~~~~~~^
        request, self._token_uri, assertion
        ^^^^^^^^^^^^^^^^^^^^^^^^^^^^^^^^^^^
    )
    ^
  File "C:\Users\Dale\AppData\Roaming\Python\Python313\site-packages\google\oauth2\_client.py", line 307, in jwt_grant
    response_data = _token_endpoint_request(
        request,
    ...<5 lines>...
        },
    )
  File "C:\Users\Dale\AppData\Roaming\Python\Python313\site-packages\google\oauth2\_client.py", line 278, in _token_endpoint_request
    _handle_error_response(response_data, retryable_error)
    ~~~~~~~~~~~~~~~~~~~~~~^^^^^^^^^^^^^^^^^^^^^^^^^^^^^^^^
  File "C:\Users\Dale\AppData\Roaming\Python\Python313\site-packages\google\oauth2\_client.py", line 73, in _handle_error_response
    raise exceptions.RefreshError(
        error_details, response_data, retryable=retryable_error
    )
google.auth.exceptions.RefreshError: ('invalid_grant: Invalid JWT Signature.', {'error': 'invalid_grant', 'error_description': 'Invalid JWT Signature.'})
2026-05-14 14:29:25,908 - ERROR - AuthMetadataPluginCallback "<google.auth.transport.grpc.AuthMetadataPlugin object at 0x000001F7C3776A50>" raised exception!
Traceback (most recent call last):
  File "C:\Users\Dale\AppData\Roaming\Python\Python313\site-packages\grpc\_plugin_wrapping.py", line 105, in __call__
    self._metadata_plugin(
    ~~~~~~~~~~~~~~~~~~~~~^
        context, _AuthMetadataPluginCallback(callback_state, callback)
        ^^^^^^^^^^^^^^^^^^^^^^^^^^^^^^^^^^^^^^^^^^^^^^^^^^^^^^^^^^^^^^
    )
    ^
  File "C:\Users\Dale\AppData\Roaming\Python\Python313\site-packages\google\auth\transport\grpc.py", line 93, in __call__
    callback(self._get_authorization_headers(context), None)
             ~~~~~~~~~~~~~~~~~~~~~~~~~~~~~~~^^^^^^^^^
  File "C:\Users\Dale\AppData\Roaming\Python\Python313\site-packages\google\auth\transport\grpc.py", line 79, in _get_authorization_headers
    self._credentials.before_request(
    ~~~~~~~~~~~~~~~~~~~~~~~~~~~~~~~~^
        self._request, context.method_name, context.service_url, headers
        ^^^^^^^^^^^^^^^^^^^^^^^^^^^^^^^^^^^^^^^^^^^^^^^^^^^^^^^^^^^^^^^^
    )
    ^
  File "C:\Users\Dale\AppData\Roaming\Python\Python313\site-packages\google\auth\credentials.py", line 469, in before_request
    self._blocking_refresh(request)
    ~~~~~~~~~~~~~~~~~~~~~~^^^^^^^^^
  File "C:\Users\Dale\AppData\Roaming\Python\Python313\site-packages\google\auth\credentials.py", line 203, in _blocking_refresh
    self.refresh(request)
    ~~~~~~~~~~~~^^^^^^^^^
  File "C:\Users\Dale\AppData\Roaming\Python\Python313\site-packages\google\auth\credentials.py", line 482, in refresh
    self._perform_refresh_token(request)
    ~~~~~~~~~~~~~~~~~~~~~~~~~~~^^^^^^^^^
  File "C:\Users\Dale\AppData\Roaming\Python\Python313\site-packages\google\oauth2\service_account.py", line 460, in _perform_refresh_token
    access_token, expiry, _ = _client.jwt_grant(
                              ~~~~~~~~~~~~~~~~~^
        request, self._token_uri, assertion
        ^^^^^^^^^^^^^^^^^^^^^^^^^^^^^^^^^^^
    )
    ^
  File "C:\Users\Dale\AppData\Roaming\Python\Python313\site-packages\google\oauth2\_client.py", line 307, in jwt_grant
    response_data = _token_endpoint_request(
        request,
    ...<5 lines>...
        },
    )
  File "C:\Users\Dale\AppData\Roaming\Python\Python313\site-packages\google\oauth2\_client.py", line 278, in _token_endpoint_request
    _handle_error_response(response_data, retryable_error)
    ~~~~~~~~~~~~~~~~~~~~~~^^^^^^^^^^^^^^^^^^^^^^^^^^^^^^^^
  File "C:\Users\Dale\AppData\Roaming\Python\Python313\site-packages\google\oauth2\_client.py", line 73, in _handle_error_response
    raise exceptions.RefreshError(
        error_details, response_data, retryable=retryable_error
    )
google.auth.exceptions.RefreshError: ('invalid_grant: Invalid JWT Signature.', {'error': 'invalid_grant', 'error_description': 'Invalid JWT Signature.'})
2026-05-14 14:29:26,590 - ERROR - AuthMetadataPluginCallback "<google.auth.transport.grpc.AuthMetadataPlugin object at 0x000001F7C3776A50>" raised exception!
Traceback (most recent call last):
  File "C:\Users\Dale\AppData\Roaming\Python\Python313\site-packages\grpc\_plugin_wrapping.py", line 105, in __call__
    self._metadata_plugin(
    ~~~~~~~~~~~~~~~~~~~~~^
        context, _AuthMetadataPluginCallback(callback_state, callback)
        ^^^^^^^^^^^^^^^^^^^^^^^^^^^^^^^^^^^^^^^^^^^^^^^^^^^^^^^^^^^^^^
    )
    ^
  File "C:\Users\Dale\AppData\Roaming\Python\Python313\site-packages\google\auth\transport\grpc.py", line 93, in __call__
    callback(self._get_authorization_headers(context), None)
             ~~~~~~~~~~~~~~~~~~~~~~~~~~~~~~~^^^^^^^^^
  File "C:\Users\Dale\AppData\Roaming\Python\Python313\site-packages\google\auth\transport\grpc.py", line 79, in _get_authorization_headers
    self._credentials.before_request(
    ~~~~~~~~~~~~~~~~~~~~~~~~~~~~~~~~^
        self._request, context.method_name, context.service_url, headers
        ^^^^^^^^^^^^^^^^^^^^^^^^^^^^^^^^^^^^^^^^^^^^^^^^^^^^^^^^^^^^^^^^
    )
    ^
  File "C:\Users\Dale\AppData\Roaming\Python\Python313\site-packages\google\auth\credentials.py", line 469, in before_request
    self._blocking_refresh(request)
    ~~~~~~~~~~~~~~~~~~~~~~^^^^^^^^^
  File "C:\Users\Dale\AppData\Roaming\Python\Python313\site-packages\google\auth\credentials.py", line 203, in _blocking_refresh
    self.refresh(request)
    ~~~~~~~~~~~~^^^^^^^^^
  File "C:\Users\Dale\AppData\Roaming\Python\Python313\site-packages\google\auth\credentials.py", line 482, in refresh
    self._perform_refresh_token(request)
    ~~~~~~~~~~~~~~~~~~~~~~~~~~~^^^^^^^^^
  File "C:\Users\Dale\AppData\Roaming\Python\Python313\site-packages\google\oauth2\service_account.py", line 460, in _perform_refresh_token
    access_token, expiry, _ = _client.jwt_grant(
                              ~~~~~~~~~~~~~~~~~^
        request, self._token_uri, assertion
        ^^^^^^^^^^^^^^^^^^^^^^^^^^^^^^^^^^^
    )
    ^
  File "C:\Users\Dale\AppData\Roaming\Python\Python313\site-packages\google\oauth2\_client.py", line 307, in jwt_grant
    response_data = _token_endpoint_request(
        request,
    ...<5 lines>...
        },
    )
  File "C:\Users\Dale\AppData\Roaming\Python\Python313\site-packages\google\oauth2\_client.py", line 278, in _token_endpoint_request
    _handle_error_response(response_data, retryable_error)
    ~~~~~~~~~~~~~~~~~~~~~~^^^^^^^^^^^^^^^^^^^^^^^^^^^^^^^^
  File "C:\Users\Dale\AppData\Roaming\Python\Python313\site-packages\google\oauth2\_client.py", line 73, in _handle_error_response
    raise exceptions.RefreshError(
        error_details, response_data, retryable=retryable_error
    )
google.auth.exceptions.RefreshError: ('invalid_grant: Invalid JWT Signature.', {'error': 'invalid_grant', 'error_description': 'Invalid JWT Signature.'})
2026-05-14 14:29:27,211 - ERROR - AuthMetadataPluginCallback "<google.auth.transport.grpc.AuthMetadataPlugin object at 0x000001F7C3776A50>" raised exception!
Traceback (most recent call last):
  File "C:\Users\Dale\AppData\Roaming\Python\Python313\site-packages\grpc\_plugin_wrapping.py", line 105, in __call__
    self._metadata_plugin(
    ~~~~~~~~~~~~~~~~~~~~~^
        context, _AuthMetadataPluginCallback(callback_state, callback)
        ^^^^^^^^^^^^^^^^^^^^^^^^^^^^^^^^^^^^^^^^^^^^^^^^^^^^^^^^^^^^^^
    )
    ^
  File "C:\Users\Dale\AppData\Roaming\Python\Python313\site-packages\google\auth\transport\grpc.py", line 93, in __call__
    callback(self._get_authorization_headers(context), None)
             ~~~~~~~~~~~~~~~~~~~~~~~~~~~~~~~^^^^^^^^^
  File "C:\Users\Dale\AppData\Roaming\Python\Python313\site-packages\google\auth\transport\grpc.py", line 79, in _get_authorization_headers
    self._credentials.before_request(
    ~~~~~~~~~~~~~~~~~~~~~~~~~~~~~~~~^
        self._request, context.method_name, context.service_url, headers
        ^^^^^^^^^^^^^^^^^^^^^^^^^^^^^^^^^^^^^^^^^^^^^^^^^^^^^^^^^^^^^^^^
    )
    ^
  File "C:\Users\Dale\AppData\Roaming\Python\Python313\site-packages\google\auth\credentials.py", line 469, in before_request
    self._blocking_refresh(request)
    ~~~~~~~~~~~~~~~~~~~~~~^^^^^^^^^
  File "C:\Users\Dale\AppData\Roaming\Python\Python313\site-packages\google\auth\credentials.py", line 203, in _blocking_refresh
    self.refresh(request)
    ~~~~~~~~~~~~^^^^^^^^^
  File "C:\Users\Dale\AppData\Roaming\Python\Python313\site-packages\google\auth\credentials.py", line 482, in refresh
    self._perform_refresh_token(request)
    ~~~~~~~~~~~~~~~~~~~~~~~~~~~^^^^^^^^^
  File "C:\Users\Dale\AppData\Roaming\Python\Python313\site-packages\google\oauth2\service_account.py", line 460, in _perform_refresh_token
    access_token, expiry, _ = _client.jwt_grant(
                              ~~~~~~~~~~~~~~~~~^
        request, self._token_uri, assertion
        ^^^^^^^^^^^^^^^^^^^^^^^^^^^^^^^^^^^
    )
    ^
  File "C:\Users\Dale\AppData\Roaming\Python\Python313\site-packages\google\oauth2\_client.py", line 307, in jwt_grant
    response_data = _token_endpoint_request(
        request,
    ...<5 lines>...
        },
    )
  File "C:\Users\Dale\AppData\Roaming\Python\Python313\site-packages\google\oauth2\_client.py", line 278, in _token_endpoint_request
    _handle_error_response(response_data, retryable_error)
    ~~~~~~~~~~~~~~~~~~~~~~^^^^^^^^^^^^^^^^^^^^^^^^^^^^^^^^
  File "C:\Users\Dale\AppData\Roaming\Python\Python313\site-packages\google\oauth2\_client.py", line 73, in _handle_error_response
    raise exceptions.RefreshError(
        error_details, response_data, retryable=retryable_error
    )
google.auth.exceptions.RefreshError: ('invalid_grant: Invalid JWT Signature.', {'error': 'invalid_grant', 'error_description': 'Invalid JWT Signature.'})
2026-05-14 14:29:28,162 - ERROR - AuthMetadataPluginCallback "<google.auth.transport.grpc.AuthMetadataPlugin object at 0x000001F7C3776A50>" raised exception!
Traceback (most recent call last):
  File "C:\Users\Dale\AppData\Roaming\Python\Python313\site-packages\grpc\_plugin_wrapping.py", line 105, in __call__
    self._metadata_plugin(
    ~~~~~~~~~~~~~~~~~~~~~^
        context, _AuthMetadataPluginCallback(callback_state, callback)
        ^^^^^^^^^^^^^^^^^^^^^^^^^^^^^^^^^^^^^^^^^^^^^^^^^^^^^^^^^^^^^^
    )
    ^
  File "C:\Users\Dale\AppData\Roaming\Python\Python313\site-packages\google\auth\transport\grpc.py", line 93, in __call__
    callback(self._get_authorization_headers(context), None)
             ~~~~~~~~~~~~~~~~~~~~~~~~~~~~~~~^^^^^^^^^
  File "C:\Users\Dale\AppData\Roaming\Python\Python313\site-packages\google\auth\transport\grpc.py", line 79, in _get_authorization_headers
    self._credentials.before_request(
    ~~~~~~~~~~~~~~~~~~~~~~~~~~~~~~~~^
        self._request, context.method_name, context.service_url, headers
        ^^^^^^^^^^^^^^^^^^^^^^^^^^^^^^^^^^^^^^^^^^^^^^^^^^^^^^^^^^^^^^^^
    )
    ^
  File "C:\Users\Dale\AppData\Roaming\Python\Python313\site-packages\google\auth\credentials.py", line 469, in before_request
    self._blocking_refresh(request)
    ~~~~~~~~~~~~~~~~~~~~~~^^^^^^^^^
  File "C:\Users\Dale\AppData\Roaming\Python\Python313\site-packages\google\auth\credentials.py", line 203, in _blocking_refresh
    self.refresh(request)
    ~~~~~~~~~~~~^^^^^^^^^
  File "C:\Users\Dale\AppData\Roaming\Python\Python313\site-packages\google\auth\credentials.py", line 482, in refresh
    self._perform_refresh_token(request)
    ~~~~~~~~~~~~~~~~~~~~~~~~~~~^^^^^^^^^
  File "C:\Users\Dale\AppData\Roaming\Python\Python313\site-packages\google\oauth2\service_account.py", line 460, in _perform_refresh_token
    access_token, expiry, _ = _client.jwt_grant(
                              ~~~~~~~~~~~~~~~~~^
        request, self._token_uri, assertion
        ^^^^^^^^^^^^^^^^^^^^^^^^^^^^^^^^^^^
    )
    ^
  File "C:\Users\Dale\AppData\Roaming\Python\Python313\site-packages\google\oauth2\_client.py", line 307, in jwt_grant
    response_data = _token_endpoint_request(
        request,
    ...<5 lines>...
        },
    )
  File "C:\Users\Dale\AppData\Roaming\Python\Python313\site-packages\google\oauth2\_client.py", line 278, in _token_endpoint_request
    _handle_error_response(response_data, retryable_error)
    ~~~~~~~~~~~~~~~~~~~~~~^^^^^^^^^^^^^^^^^^^^^^^^^^^^^^^^
  File "C:\Users\Dale\AppData\Roaming\Python\Python313\site-packages\google\oauth2\_client.py", line 73, in _handle_error_response
    raise exceptions.RefreshError(
        error_details, response_data, retryable=retryable_error
    )
google.auth.exceptions.RefreshError: ('invalid_grant: Invalid JWT Signature.', {'error': 'invalid_grant', 'error_description': 'Invalid JWT Signature.'})
2026-05-14 14:29:29,211 - ERROR - AuthMetadataPluginCallback "<google.auth.transport.grpc.AuthMetadataPlugin object at 0x000001F7C3776A50>" raised exception!
Traceback (most recent call last):
  File "C:\Users\Dale\AppData\Roaming\Python\Python313\site-packages\grpc\_plugin_wrapping.py", line 105, in __call__
    self._metadata_plugin(
    ~~~~~~~~~~~~~~~~~~~~~^
        context, _AuthMetadataPluginCallback(callback_state, callback)
        ^^^^^^^^^^^^^^^^^^^^^^^^^^^^^^^^^^^^^^^^^^^^^^^^^^^^^^^^^^^^^^
    )
    ^
  File "C:\Users\Dale\AppData\Roaming\Python\Python313\site-packages\google\auth\transport\grpc.py", line 93, in __call__
    callback(self._get_authorization_headers(context), None)
             ~~~~~~~~~~~~~~~~~~~~~~~~~~~~~~~^^^^^^^^^
  File "C:\Users\Dale\AppData\Roaming\Python\Python313\site-packages\google\auth\transport\grpc.py", line 79, in _get_authorization_headers
    self._credentials.before_request(
    ~~~~~~~~~~~~~~~~~~~~~~~~~~~~~~~~^
        self._request, context.method_name, context.service_url, headers
        ^^^^^^^^^^^^^^^^^^^^^^^^^^^^^^^^^^^^^^^^^^^^^^^^^^^^^^^^^^^^^^^^
    )
    ^
  File "C:\Users\Dale\AppData\Roaming\Python\Python313\site-packages\google\auth\credentials.py", line 469, in before_request
    self._blocking_refresh(request)
    ~~~~~~~~~~~~~~~~~~~~~~^^^^^^^^^
  File "C:\Users\Dale\AppData\Roaming\Python\Python313\site-packages\google\auth\credentials.py", line 203, in _blocking_refresh
    self.refresh(request)
    ~~~~~~~~~~~~^^^^^^^^^
  File "C:\Users\Dale\AppData\Roaming\Python\Python313\site-packages\google\auth\credentials.py", line 482, in refresh
    self._perform_refresh_token(request)
    ~~~~~~~~~~~~~~~~~~~~~~~~~~~^^^^^^^^^
  File "C:\Users\Dale\AppData\Roaming\Python\Python313\site-packages\google\oauth2\service_account.py", line 460, in _perform_refresh_token
    access_token, expiry, _ = _client.jwt_grant(
                              ~~~~~~~~~~~~~~~~~^
        request, self._token_uri, assertion
        ^^^^^^^^^^^^^^^^^^^^^^^^^^^^^^^^^^^
    )
    ^
  File "C:\Users\Dale\AppData\Roaming\Python\Python313\site-packages\google\oauth2\_client.py", line 307, in jwt_grant
    response_data = _token_endpoint_request(
        request,
    ...<5 lines>...
        },
    )
  File "C:\Users\Dale\AppData\Roaming\Python\Python313\site-packages\google\oauth2\_client.py", line 278, in _token_endpoint_request
    _handle_error_response(response_data, retryable_error)
    ~~~~~~~~~~~~~~~~~~~~~~^^^^^^^^^^^^^^^^^^^^^^^^^^^^^^^^
  File "C:\Users\Dale\AppData\Roaming\Python\Python313\site-packages\google\oauth2\_client.py", line 73, in _handle_error_response
    raise exceptions.RefreshError(
        error_details, response_data, retryable=retryable_error
    )
google.auth.exceptions.RefreshError: ('invalid_grant: Invalid JWT Signature.', {'error': 'invalid_grant', 'error_description': 'Invalid JWT Signature.'})
2026-05-14 14:29:29,956 - ERROR - AuthMetadataPluginCallback "<google.auth.transport.grpc.AuthMetadataPlugin object at 0x000001F7C3776A50>" raised exception!
Traceback (most recent call last):
  File "C:\Users\Dale\AppData\Roaming\Python\Python313\site-packages\grpc\_plugin_wrapping.py", line 105, in __call__
    self._metadata_plugin(
    ~~~~~~~~~~~~~~~~~~~~~^
        context, _AuthMetadataPluginCallback(callback_state, callback)
        ^^^^^^^^^^^^^^^^^^^^^^^^^^^^^^^^^^^^^^^^^^^^^^^^^^^^^^^^^^^^^^
    )
    ^
  File "C:\Users\Dale\AppData\Roaming\Python\Python313\site-packages\google\auth\transport\grpc.py", line 93, in __call__
    callback(self._get_authorization_headers(context), None)
             ~~~~~~~~~~~~~~~~~~~~~~~~~~~~~~~^^^^^^^^^
  File "C:\Users\Dale\AppData\Roaming\Python\Python313\site-packages\google\auth\transport\grpc.py", line 79, in _get_authorization_headers
    self._credentials.before_request(
    ~~~~~~~~~~~~~~~~~~~~~~~~~~~~~~~~^
        self._request, context.method_name, context.service_url, headers
        ^^^^^^^^^^^^^^^^^^^^^^^^^^^^^^^^^^^^^^^^^^^^^^^^^^^^^^^^^^^^^^^^
    )
    ^
  File "C:\Users\Dale\AppData\Roaming\Python\Python313\site-packages\google\auth\credentials.py", line 469, in before_request
    self._blocking_refresh(request)
    ~~~~~~~~~~~~~~~~~~~~~~^^^^^^^^^
  File "C:\Users\Dale\AppData\Roaming\Python\Python313\site-packages\google\auth\credentials.py", line 203, in _blocking_refresh
    self.refresh(request)
    ~~~~~~~~~~~~^^^^^^^^^
  File "C:\Users\Dale\AppData\Roaming\Python\Python313\site-packages\google\auth\credentials.py", line 482, in refresh
    self._perform_refresh_token(request)
    ~~~~~~~~~~~~~~~~~~~~~~~~~~~^^^^^^^^^
  File "C:\Users\Dale\AppData\Roaming\Python\Python313\site-packages\google\oauth2\service_account.py", line 460, in _perform_refresh_token
    access_token, expiry, _ = _client.jwt_grant(
                              ~~~~~~~~~~~~~~~~~^
        request, self._token_uri, assertion
        ^^^^^^^^^^^^^^^^^^^^^^^^^^^^^^^^^^^
    )
    ^
  File "C:\Users\Dale\AppData\Roaming\Python\Python313\site-packages\google\oauth2\_client.py", line 307, in jwt_grant
    response_data = _token_endpoint_request(
        request,
    ...<5 lines>...
        },
    )
  File "C:\Users\Dale\AppData\Roaming\Python\Python313\site-packages\google\oauth2\_client.py", line 278, in _token_endpoint_request
    _handle_error_response(response_data, retryable_error)
    ~~~~~~~~~~~~~~~~~~~~~~^^^^^^^^^^^^^^^^^^^^^^^^^^^^^^^^
  File "C:\Users\Dale\AppData\Roaming\Python\Python313\site-packages\google\oauth2\_client.py", line 73, in _handle_error_response
    raise exceptions.RefreshError(
        error_details, response_data, retryable=retryable_error
    )
google.auth.exceptions.RefreshError: ('invalid_grant: Invalid JWT Signature.', {'error': 'invalid_grant', 'error_description': 'Invalid JWT Signature.'})
2026-05-14 14:29:30,561 - ERROR - AuthMetadataPluginCallback "<google.auth.transport.grpc.AuthMetadataPlugin object at 0x000001F7C3776A50>" raised exception!
Traceback (most recent call last):
  File "C:\Users\Dale\AppData\Roaming\Python\Python313\site-packages\grpc\_plugin_wrapping.py", line 105, in __call__
    self._metadata_plugin(
    ~~~~~~~~~~~~~~~~~~~~~^
        context, _AuthMetadataPluginCallback(callback_state, callback)
        ^^^^^^^^^^^^^^^^^^^^^^^^^^^^^^^^^^^^^^^^^^^^^^^^^^^^^^^^^^^^^^
    )
    ^
  File "C:\Users\Dale\AppData\Roaming\Python\Python313\site-packages\google\auth\transport\grpc.py", line 93, in __call__
    callback(self._get_authorization_headers(context), None)
             ~~~~~~~~~~~~~~~~~~~~~~~~~~~~~~~^^^^^^^^^
  File "C:\Users\Dale\AppData\Roaming\Python\Python313\site-packages\google\auth\transport\grpc.py", line 79, in _get_authorization_headers
    self._credentials.before_request(
    ~~~~~~~~~~~~~~~~~~~~~~~~~~~~~~~~^
        self._request, context.method_name, context.service_url, headers
        ^^^^^^^^^^^^^^^^^^^^^^^^^^^^^^^^^^^^^^^^^^^^^^^^^^^^^^^^^^^^^^^^
    )
    ^
  File "C:\Users\Dale\AppData\Roaming\Python\Python313\site-packages\google\auth\credentials.py", line 469, in before_request
    self._blocking_refresh(request)
    ~~~~~~~~~~~~~~~~~~~~~~^^^^^^^^^
  File "C:\Users\Dale\AppData\Roaming\Python\Python313\site-packages\google\auth\credentials.py", line 203, in _blocking_refresh
    self.refresh(request)
    ~~~~~~~~~~~~^^^^^^^^^
  File "C:\Users\Dale\AppData\Roaming\Python\Python313\site-packages\google\auth\credentials.py", line 482, in refresh
    self._perform_refresh_token(request)
    ~~~~~~~~~~~~~~~~~~~~~~~~~~~^^^^^^^^^
  File "C:\Users\Dale\AppData\Roaming\Python\Python313\site-packages\google\oauth2\service_account.py", line 460, in _perform_refresh_token
    access_token, expiry, _ = _client.jwt_grant(
                              ~~~~~~~~~~~~~~~~~^
        request, self._token_uri, assertion
        ^^^^^^^^^^^^^^^^^^^^^^^^^^^^^^^^^^^
    )
    ^
  File "C:\Users\Dale\AppData\Roaming\Python\Python313\site-packages\google\oauth2\_client.py", line 307, in jwt_grant
    response_data = _token_endpoint_request(
        request,
    ...<5 lines>...
        },
    )
  File "C:\Users\Dale\AppData\Roaming\Python\Python313\site-packages\google\oauth2\_client.py", line 278, in _token_endpoint_request
    _handle_error_response(response_data, retryable_error)
    ~~~~~~~~~~~~~~~~~~~~~~^^^^^^^^^^^^^^^^^^^^^^^^^^^^^^^^
  File "C:\Users\Dale\AppData\Roaming\Python\Python313\site-packages\google\oauth2\_client.py", line 73, in _handle_error_response
    raise exceptions.RefreshError(
        error_details, response_data, retryable=retryable_error
    )
google.auth.exceptions.RefreshError: ('invalid_grant: Invalid JWT Signature.', {'error': 'invalid_grant', 'error_description': 'Invalid JWT Signature.'})
2026-05-14 14:29:33,857 - ERROR - AuthMetadataPluginCallback "<google.auth.transport.grpc.AuthMetadataPlugin object at 0x000001F7C3776A50>" raised exception!
Traceback (most recent call last):
  File "C:\Users\Dale\AppData\Roaming\Python\Python313\site-packages\grpc\_plugin_wrapping.py", line 105, in __call__
    self._metadata_plugin(
    ~~~~~~~~~~~~~~~~~~~~~^
        context, _AuthMetadataPluginCallback(callback_state, callback)
        ^^^^^^^^^^^^^^^^^^^^^^^^^^^^^^^^^^^^^^^^^^^^^^^^^^^^^^^^^^^^^^
    )
    ^
  File "C:\Users\Dale\AppData\Roaming\Python\Python313\site-packages\google\auth\transport\grpc.py", line 93, in __call__
    callback(self._get_authorization_headers(context), None)
             ~~~~~~~~~~~~~~~~~~~~~~~~~~~~~~~^^^^^^^^^
  File "C:\Users\Dale\AppData\Roaming\Python\Python313\site-packages\google\auth\transport\grpc.py", line 79, in _get_authorization_headers
    self._credentials.before_request(
    ~~~~~~~~~~~~~~~~~~~~~~~~~~~~~~~~^
        self._request, context.method_name, context.service_url, headers
        ^^^^^^^^^^^^^^^^^^^^^^^^^^^^^^^^^^^^^^^^^^^^^^^^^^^^^^^^^^^^^^^^
    )
    ^
  File "C:\Users\Dale\AppData\Roaming\Python\Python313\site-packages\google\auth\credentials.py", line 469, in before_request
    self._blocking_refresh(request)
    ~~~~~~~~~~~~~~~~~~~~~~^^^^^^^^^
  File "C:\Users\Dale\AppData\Roaming\Python\Python313\site-packages\google\auth\credentials.py", line 203, in _blocking_refresh
    self.refresh(request)
    ~~~~~~~~~~~~^^^^^^^^^
  File "C:\Users\Dale\AppData\Roaming\Python\Python313\site-packages\google\auth\credentials.py", line 482, in refresh
    self._perform_refresh_token(request)
    ~~~~~~~~~~~~~~~~~~~~~~~~~~~^^^^^^^^^
  File "C:\Users\Dale\AppData\Roaming\Python\Python313\site-packages\google\oauth2\service_account.py", line 460, in _perform_refresh_token
    access_token, expiry, _ = _client.jwt_grant(
                              ~~~~~~~~~~~~~~~~~^
        request, self._token_uri, assertion
        ^^^^^^^^^^^^^^^^^^^^^^^^^^^^^^^^^^^
    )
    ^
  File "C:\Users\Dale\AppData\Roaming\Python\Python313\site-packages\google\oauth2\_client.py", line 307, in jwt_grant
    response_data = _token_endpoint_request(
        request,
    ...<5 lines>...
        },
    )
  File "C:\Users\Dale\AppData\Roaming\Python\Python313\site-packages\google\oauth2\_client.py", line 278, in _token_endpoint_request
    _handle_error_response(response_data, retryable_error)
    ~~~~~~~~~~~~~~~~~~~~~~^^^^^^^^^^^^^^^^^^^^^^^^^^^^^^^^
  File "C:\Users\Dale\AppData\Roaming\Python\Python313\site-packages\google\oauth2\_client.py", line 73, in _handle_error_response
    raise exceptions.RefreshError(
        error_details, response_data, retryable=retryable_error
    )
google.auth.exceptions.RefreshError: ('invalid_grant: Invalid JWT Signature.', {'error': 'invalid_grant', 'error_description': 'Invalid JWT Signature.'})
2026-05-14 14:29:36,562 - ERROR - AuthMetadataPluginCallback "<google.auth.transport.grpc.AuthMetadataPlugin object at 0x000001F7C3776A50>" raised exception!
Traceback (most recent call last):
  File "C:\Users\Dale\AppData\Roaming\Python\Python313\site-packages\grpc\_plugin_wrapping.py", line 105, in __call__
    self._metadata_plugin(
    ~~~~~~~~~~~~~~~~~~~~~^
        context, _AuthMetadataPluginCallback(callback_state, callback)
        ^^^^^^^^^^^^^^^^^^^^^^^^^^^^^^^^^^^^^^^^^^^^^^^^^^^^^^^^^^^^^^
    )
    ^
  File "C:\Users\Dale\AppData\Roaming\Python\Python313\site-packages\google\auth\transport\grpc.py", line 93, in __call__
    callback(self._get_authorization_headers(context), None)
             ~~~~~~~~~~~~~~~~~~~~~~~~~~~~~~~^^^^^^^^^
  File "C:\Users\Dale\AppData\Roaming\Python\Python313\site-packages\google\auth\transport\grpc.py", line 79, in _get_authorization_headers
    self._credentials.before_request(
    ~~~~~~~~~~~~~~~~~~~~~~~~~~~~~~~~^
        self._request, context.method_name, context.service_url, headers
        ^^^^^^^^^^^^^^^^^^^^^^^^^^^^^^^^^^^^^^^^^^^^^^^^^^^^^^^^^^^^^^^^
    )
    ^
  File "C:\Users\Dale\AppData\Roaming\Python\Python313\site-packages\google\auth\credentials.py", line 469, in before_request
    self._blocking_refresh(request)
    ~~~~~~~~~~~~~~~~~~~~~~^^^^^^^^^
  File "C:\Users\Dale\AppData\Roaming\Python\Python313\site-packages\google\auth\credentials.py", line 203, in _blocking_refresh
    self.refresh(request)
    ~~~~~~~~~~~~^^^^^^^^^
  File "C:\Users\Dale\AppData\Roaming\Python\Python313\site-packages\google\auth\credentials.py", line 482, in refresh
    self._perform_refresh_token(request)
    ~~~~~~~~~~~~~~~~~~~~~~~~~~~^^^^^^^^^
  File "C:\Users\Dale\AppData\Roaming\Python\Python313\site-packages\google\oauth2\service_account.py", line 460, in _perform_refresh_token
    access_token, expiry, _ = _client.jwt_grant(
                              ~~~~~~~~~~~~~~~~~^
        request, self._token_uri, assertion
        ^^^^^^^^^^^^^^^^^^^^^^^^^^^^^^^^^^^
    )
    ^
  File "C:\Users\Dale\AppData\Roaming\Python\Python313\site-packages\google\oauth2\_client.py", line 307, in jwt_grant
    response_data = _token_endpoint_request(
        request,
    ...<5 lines>...
        },
    )
  File "C:\Users\Dale\AppData\Roaming\Python\Python313\site-packages\google\oauth2\_client.py", line 278, in _token_endpoint_request
    _handle_error_response(response_data, retryable_error)
    ~~~~~~~~~~~~~~~~~~~~~~^^^^^^^^^^^^^^^^^^^^^^^^^^^^^^^^
  File "C:\Users\Dale\AppData\Roaming\Python\Python313\site-packages\google\oauth2\_client.py", line 73, in _handle_error_response
    raise exceptions.RefreshError(
        error_details, response_data, retryable=retryable_error
    )
google.auth.exceptions.RefreshError: ('invalid_grant: Invalid JWT Signature.', {'error': 'invalid_grant', 'error_description': 'Invalid JWT Signature.'})
2026-05-14 14:29:39,058 - ERROR - AuthMetadataPluginCallback "<google.auth.transport.grpc.AuthMetadataPlugin object at 0x000001F7C3776A50>" raised exception!
Traceback (most recent call last):
  File "C:\Users\Dale\AppData\Roaming\Python\Python313\site-packages\grpc\_plugin_wrapping.py", line 105, in __call__
    self._metadata_plugin(
    ~~~~~~~~~~~~~~~~~~~~~^
        context, _AuthMetadataPluginCallback(callback_state, callback)
        ^^^^^^^^^^^^^^^^^^^^^^^^^^^^^^^^^^^^^^^^^^^^^^^^^^^^^^^^^^^^^^
    )
    ^
  File "C:\Users\Dale\AppData\Roaming\Python\Python313\site-packages\google\auth\transport\grpc.py", line 93, in __call__
    callback(self._get_authorization_headers(context), None)
             ~~~~~~~~~~~~~~~~~~~~~~~~~~~~~~~^^^^^^^^^
  File "C:\Users\Dale\AppData\Roaming\Python\Python313\site-packages\google\auth\transport\grpc.py", line 79, in _get_authorization_headers
    self._credentials.before_request(
    ~~~~~~~~~~~~~~~~~~~~~~~~~~~~~~~~^
        self._request, context.method_name, context.service_url, headers
        ^^^^^^^^^^^^^^^^^^^^^^^^^^^^^^^^^^^^^^^^^^^^^^^^^^^^^^^^^^^^^^^^
    )
    ^
  File "C:\Users\Dale\AppData\Roaming\Python\Python313\site-packages\google\auth\credentials.py", line 469, in before_request
    self._blocking_refresh(request)
    ~~~~~~~~~~~~~~~~~~~~~~^^^^^^^^^
  File "C:\Users\Dale\AppData\Roaming\Python\Python313\site-packages\google\auth\credentials.py", line 203, in _blocking_refresh
    self.refresh(request)
    ~~~~~~~~~~~~^^^^^^^^^
  File "C:\Users\Dale\AppData\Roaming\Python\Python313\site-packages\google\auth\credentials.py", line 482, in refresh
    self._perform_refresh_token(request)
    ~~~~~~~~~~~~~~~~~~~~~~~~~~~^^^^^^^^^
  File "C:\Users\Dale\AppData\Roaming\Python\Python313\site-packages\google\oauth2\service_account.py", line 460, in _perform_refresh_token
    access_token, expiry, _ = _client.jwt_grant(
                              ~~~~~~~~~~~~~~~~~^
        request, self._token_uri, assertion
        ^^^^^^^^^^^^^^^^^^^^^^^^^^^^^^^^^^^
    )
    ^
  File "C:\Users\Dale\AppData\Roaming\Python\Python313\site-packages\google\oauth2\_client.py", line 307, in jwt_grant
    response_data = _token_endpoint_request(
        request,
    ...<5 lines>...
        },
    )
  File "C:\Users\Dale\AppData\Roaming\Python\Python313\site-packages\google\oauth2\_client.py", line 278, in _token_endpoint_request
    _handle_error_response(response_data, retryable_error)
    ~~~~~~~~~~~~~~~~~~~~~~^^^^^^^^^^^^^^^^^^^^^^^^^^^^^^^^
  File "C:\Users\Dale\AppData\Roaming\Python\Python313\site-packages\google\oauth2\_client.py", line 73, in _handle_error_response
    raise exceptions.RefreshError(
        error_details, response_data, retryable=retryable_error
    )
google.auth.exceptions.RefreshError: ('invalid_grant: Invalid JWT Signature.', {'error': 'invalid_grant', 'error_description': 'Invalid JWT Signature.'})
2026-05-14 14:29:45,437 - ERROR - AuthMetadataPluginCallback "<google.auth.transport.grpc.AuthMetadataPlugin object at 0x000001F7C3776A50>" raised exception!
Traceback (most recent call last):
  File "C:\Users\Dale\AppData\Roaming\Python\Python313\site-packages\grpc\_plugin_wrapping.py", line 105, in __call__
    self._metadata_plugin(
    ~~~~~~~~~~~~~~~~~~~~~^
        context, _AuthMetadataPluginCallback(callback_state, callback)
        ^^^^^^^^^^^^^^^^^^^^^^^^^^^^^^^^^^^^^^^^^^^^^^^^^^^^^^^^^^^^^^
    )
    ^
  File "C:\Users\Dale\AppData\Roaming\Python\Python313\site-packages\google\auth\transport\grpc.py", line 93, in __call__
    callback(self._get_authorization_headers(context), None)
             ~~~~~~~~~~~~~~~~~~~~~~~~~~~~~~~^^^^^^^^^
  File "C:\Users\Dale\AppData\Roaming\Python\Python313\site-packages\google\auth\transport\grpc.py", line 79, in _get_authorization_headers
    self._credentials.before_request(
    ~~~~~~~~~~~~~~~~~~~~~~~~~~~~~~~~^
        self._request, context.method_name, context.service_url, headers
        ^^^^^^^^^^^^^^^^^^^^^^^^^^^^^^^^^^^^^^^^^^^^^^^^^^^^^^^^^^^^^^^^
    )
    ^
  File "C:\Users\Dale\AppData\Roaming\Python\Python313\site-packages\google\auth\credentials.py", line 469, in before_request
    self._blocking_refresh(request)
    ~~~~~~~~~~~~~~~~~~~~~~^^^^^^^^^
  File "C:\Users\Dale\AppData\Roaming\Python\Python313\site-packages\google\auth\credentials.py", line 203, in _blocking_refresh
    self.refresh(request)
    ~~~~~~~~~~~~^^^^^^^^^
  File "C:\Users\Dale\AppData\Roaming\Python\Python313\site-packages\google\auth\credentials.py", line 482, in refresh
    self._perform_refresh_token(request)
    ~~~~~~~~~~~~~~~~~~~~~~~~~~~^^^^^^^^^
  File "C:\Users\Dale\AppData\Roaming\Python\Python313\site-packages\google\oauth2\service_account.py", line 460, in _perform_refresh_token
    access_token, expiry, _ = _client.jwt_grant(
                              ~~~~~~~~~~~~~~~~~^
        request, self._token_uri, assertion
        ^^^^^^^^^^^^^^^^^^^^^^^^^^^^^^^^^^^
    )
    ^
  File "C:\Users\Dale\AppData\Roaming\Python\Python313\site-packages\google\oauth2\_client.py", line 307, in jwt_grant
    response_data = _token_endpoint_request(
        request,
    ...<5 lines>...
        },
    )
  File "C:\Users\Dale\AppData\Roaming\Python\Python313\site-packages\google\oauth2\_client.py", line 278, in _token_endpoint_request
    _handle_error_response(response_data, retryable_error)
    ~~~~~~~~~~~~~~~~~~~~~~^^^^^^^^^^^^^^^^^^^^^^^^^^^^^^^^
  File "C:\Users\Dale\AppData\Roaming\Python\Python313\site-packages\google\oauth2\_client.py", line 73, in _handle_error_response
    raise exceptions.RefreshError(
        error_details, response_data, retryable=retryable_error
    )
google.auth.exceptions.RefreshError: ('invalid_grant: Invalid JWT Signature.', {'error': 'invalid_grant', 'error_description': 'Invalid JWT Signature.'})
2026-05-14 14:29:52,499 - ERROR - AuthMetadataPluginCallback "<google.auth.transport.grpc.AuthMetadataPlugin object at 0x000001F7C3776A50>" raised exception!
Traceback (most recent call last):
  File "C:\Users\Dale\AppData\Roaming\Python\Python313\site-packages\grpc\_plugin_wrapping.py", line 105, in __call__
    self._metadata_plugin(
    ~~~~~~~~~~~~~~~~~~~~~^
        context, _AuthMetadataPluginCallback(callback_state, callback)
        ^^^^^^^^^^^^^^^^^^^^^^^^^^^^^^^^^^^^^^^^^^^^^^^^^^^^^^^^^^^^^^
    )
    ^
  File "C:\Users\Dale\AppData\Roaming\Python\Python313\site-packages\google\auth\transport\grpc.py", line 93, in __call__
    callback(self._get_authorization_headers(context), None)
             ~~~~~~~~~~~~~~~~~~~~~~~~~~~~~~~^^^^^^^^^
  File "C:\Users\Dale\AppData\Roaming\Python\Python313\site-packages\google\auth\transport\grpc.py", line 79, in _get_authorization_headers
    self._credentials.before_request(
    ~~~~~~~~~~~~~~~~~~~~~~~~~~~~~~~~^
        self._request, context.method_name, context.service_url, headers
        ^^^^^^^^^^^^^^^^^^^^^^^^^^^^^^^^^^^^^^^^^^^^^^^^^^^^^^^^^^^^^^^^
    )
    ^
  File "C:\Users\Dale\AppData\Roaming\Python\Python313\site-packages\google\auth\credentials.py", line 469, in before_request
    self._blocking_refresh(request)
    ~~~~~~~~~~~~~~~~~~~~~~^^^^^^^^^
  File "C:\Users\Dale\AppData\Roaming\Python\Python313\site-packages\google\auth\credentials.py", line 203, in _blocking_refresh
    self.refresh(request)
    ~~~~~~~~~~~~^^^^^^^^^
  File "C:\Users\Dale\AppData\Roaming\Python\Python313\site-packages\google\auth\credentials.py", line 482, in refresh
    self._perform_refresh_token(request)
    ~~~~~~~~~~~~~~~~~~~~~~~~~~~^^^^^^^^^
  File "C:\Users\Dale\AppData\Roaming\Python\Python313\site-packages\google\oauth2\service_account.py", line 460, in _perform_refresh_token
    access_token, expiry, _ = _client.jwt_grant(
                              ~~~~~~~~~~~~~~~~~^
        request, self._token_uri, assertion
        ^^^^^^^^^^^^^^^^^^^^^^^^^^^^^^^^^^^
    )
    ^
  File "C:\Users\Dale\AppData\Roaming\Python\Python313\site-packages\google\oauth2\_client.py", line 307, in jwt_grant
    response_data = _token_endpoint_request(
        request,
    ...<5 lines>...
        },
    )
  File "C:\Users\Dale\AppData\Roaming\Python\Python313\site-packages\google\oauth2\_client.py", line 278, in _token_endpoint_request
    _handle_error_response(response_data, retryable_error)
    ~~~~~~~~~~~~~~~~~~~~~~^^^^^^^^^^^^^^^^^^^^^^^^^^^^^^^^
  File "C:\Users\Dale\AppData\Roaming\Python\Python313\site-packages\google\oauth2\_client.py", line 73, in _handle_error_response
    raise exceptions.RefreshError(
        error_details, response_data, retryable=retryable_error
    )
google.auth.exceptions.RefreshError: ('invalid_grant: Invalid JWT Signature.', {'error': 'invalid_grant', 'error_description': 'Invalid JWT Signature.'})
2026-05-14 14:29:55,018 - ERROR - AuthMetadataPluginCallback "<google.auth.transport.grpc.AuthMetadataPlugin object at 0x000001F7C3776A50>" raised exception!
Traceback (most recent call last):
  File "C:\Users\Dale\AppData\Roaming\Python\Python313\site-packages\grpc\_plugin_wrapping.py", line 105, in __call__
    self._metadata_plugin(
    ~~~~~~~~~~~~~~~~~~~~~^
        context, _AuthMetadataPluginCallback(callback_state, callback)
        ^^^^^^^^^^^^^^^^^^^^^^^^^^^^^^^^^^^^^^^^^^^^^^^^^^^^^^^^^^^^^^
    )
    ^
  File "C:\Users\Dale\AppData\Roaming\Python\Python313\site-packages\google\auth\transport\grpc.py", line 93, in __call__
    callback(self._get_authorization_headers(context), None)
             ~~~~~~~~~~~~~~~~~~~~~~~~~~~~~~~^^^^^^^^^
  File "C:\Users\Dale\AppData\Roaming\Python\Python313\site-packages\google\auth\transport\grpc.py", line 79, in _get_authorization_headers
    self._credentials.before_request(
    ~~~~~~~~~~~~~~~~~~~~~~~~~~~~~~~~^
        self._request, context.method_name, context.service_url, headers
        ^^^^^^^^^^^^^^^^^^^^^^^^^^^^^^^^^^^^^^^^^^^^^^^^^^^^^^^^^^^^^^^^
    )
    ^
  File "C:\Users\Dale\AppData\Roaming\Python\Python313\site-packages\google\auth\credentials.py", line 469, in before_request
    self._blocking_refresh(request)
    ~~~~~~~~~~~~~~~~~~~~~~^^^^^^^^^
  File "C:\Users\Dale\AppData\Roaming\Python\Python313\site-packages\google\auth\credentials.py", line 203, in _blocking_refresh
    self.refresh(request)
    ~~~~~~~~~~~~^^^^^^^^^
  File "C:\Users\Dale\AppData\Roaming\Python\Python313\site-packages\google\auth\credentials.py", line 482, in refresh
    self._perform_refresh_token(request)
    ~~~~~~~~~~~~~~~~~~~~~~~~~~~^^^^^^^^^
  File "C:\Users\Dale\AppData\Roaming\Python\Python313\site-packages\google\oauth2\service_account.py", line 460, in _perform_refresh_token
    access_token, expiry, _ = _client.jwt_grant(
                              ~~~~~~~~~~~~~~~~~^
        request, self._token_uri, assertion
        ^^^^^^^^^^^^^^^^^^^^^^^^^^^^^^^^^^^
    )
    ^
  File "C:\Users\Dale\AppData\Roaming\Python\Python313\site-packages\google\oauth2\_client.py", line 307, in jwt_grant
    response_data = _token_endpoint_request(
        request,
    ...<5 lines>...
        },
    )
  File "C:\Users\Dale\AppData\Roaming\Python\Python313\site-packages\google\oauth2\_client.py", line 278, in _token_endpoint_request
    _handle_error_response(response_data, retryable_error)
    ~~~~~~~~~~~~~~~~~~~~~~^^^^^^^^^^^^^^^^^^^^^^^^^^^^^^^^
  File "C:\Users\Dale\AppData\Roaming\Python\Python313\site-packages\google\oauth2\_client.py", line 73, in _handle_error_response
    raise exceptions.RefreshError(
        error_details, response_data, retryable=retryable_error
    )
google.auth.exceptions.RefreshError: ('invalid_grant: Invalid JWT Signature.', {'error': 'invalid_grant', 'error_description': 'Invalid JWT Signature.'})
2026-05-14 14:30:08,253 - ERROR - AuthMetadataPluginCallback "<google.auth.transport.grpc.AuthMetadataPlugin object at 0x000001F7C3776A50>" raised exception!
Traceback (most recent call last):
  File "C:\Users\Dale\AppData\Roaming\Python\Python313\site-packages\grpc\_plugin_wrapping.py", line 105, in __call__
    self._metadata_plugin(
    ~~~~~~~~~~~~~~~~~~~~~^
        context, _AuthMetadataPluginCallback(callback_state, callback)
        ^^^^^^^^^^^^^^^^^^^^^^^^^^^^^^^^^^^^^^^^^^^^^^^^^^^^^^^^^^^^^^
    )
    ^
  File "C:\Users\Dale\AppData\Roaming\Python\Python313\site-packages\google\auth\transport\grpc.py", line 93, in __call__
    callback(self._get_authorization_headers(context), None)
             ~~~~~~~~~~~~~~~~~~~~~~~~~~~~~~~^^^^^^^^^
  File "C:\Users\Dale\AppData\Roaming\Python\Python313\site-packages\google\auth\transport\grpc.py", line 79, in _get_authorization_headers
    self._credentials.before_request(
    ~~~~~~~~~~~~~~~~~~~~~~~~~~~~~~~~^
        self._request, context.method_name, context.service_url, headers
        ^^^^^^^^^^^^^^^^^^^^^^^^^^^^^^^^^^^^^^^^^^^^^^^^^^^^^^^^^^^^^^^^
    )
    ^
  File "C:\Users\Dale\AppData\Roaming\Python\Python313\site-packages\google\auth\credentials.py", line 469, in before_request
    self._blocking_refresh(request)
    ~~~~~~~~~~~~~~~~~~~~~~^^^^^^^^^
  File "C:\Users\Dale\AppData\Roaming\Python\Python313\site-packages\google\auth\credentials.py", line 203, in _blocking_refresh
    self.refresh(request)
    ~~~~~~~~~~~~^^^^^^^^^
  File "C:\Users\Dale\AppData\Roaming\Python\Python313\site-packages\google\auth\credentials.py", line 482, in refresh
    self._perform_refresh_token(request)
    ~~~~~~~~~~~~~~~~~~~~~~~~~~~^^^^^^^^^
  File "C:\Users\Dale\AppData\Roaming\Python\Python313\site-packages\google\oauth2\service_account.py", line 460, in _perform_refresh_token
    access_token, expiry, _ = _client.jwt_grant(
                              ~~~~~~~~~~~~~~~~~^
        request, self._token_uri, assertion
        ^^^^^^^^^^^^^^^^^^^^^^^^^^^^^^^^^^^
    )
    ^
  File "C:\Users\Dale\AppData\Roaming\Python\Python313\site-packages\google\oauth2\_client.py", line 307, in jwt_grant
    response_data = _token_endpoint_request(
        request,
    ...<5 lines>...
        },
    )
  File "C:\Users\Dale\AppData\Roaming\Python\Python313\site-packages\google\oauth2\_client.py", line 278, in _token_endpoint_request
    _handle_error_response(response_data, retryable_error)
    ~~~~~~~~~~~~~~~~~~~~~~^^^^^^^^^^^^^^^^^^^^^^^^^^^^^^^^
  File "C:\Users\Dale\AppData\Roaming\Python\Python313\site-packages\google\oauth2\_client.py", line 73, in _handle_error_response
    raise exceptions.RefreshError(
        error_details, response_data, retryable=retryable_error
    )
google.auth.exceptions.RefreshError: ('invalid_grant: Invalid JWT Signature.', {'error': 'invalid_grant', 'error_description': 'Invalid JWT Signature.'})
2026-05-14 14:30:18,271 - ERROR - AuthMetadataPluginCallback "<google.auth.transport.grpc.AuthMetadataPlugin object at 0x000001F7C3776A50>" raised exception!
Traceback (most recent call last):
  File "C:\Users\Dale\AppData\Roaming\Python\Python313\site-packages\grpc\_plugin_wrapping.py", line 105, in __call__
    self._metadata_plugin(
    ~~~~~~~~~~~~~~~~~~~~~^
        context, _AuthMetadataPluginCallback(callback_state, callback)
        ^^^^^^^^^^^^^^^^^^^^^^^^^^^^^^^^^^^^^^^^^^^^^^^^^^^^^^^^^^^^^^
    )
    ^
  File "C:\Users\Dale\AppData\Roaming\Python\Python313\site-packages\google\auth\transport\grpc.py", line 93, in __call__
    callback(self._get_authorization_headers(context), None)
             ~~~~~~~~~~~~~~~~~~~~~~~~~~~~~~~^^^^^^^^^
  File "C:\Users\Dale\AppData\Roaming\Python\Python313\site-packages\google\auth\transport\grpc.py", line 79, in _get_authorization_headers
    self._credentials.before_request(
    ~~~~~~~~~~~~~~~~~~~~~~~~~~~~~~~~^
        self._request, context.method_name, context.service_url, headers
        ^^^^^^^^^^^^^^^^^^^^^^^^^^^^^^^^^^^^^^^^^^^^^^^^^^^^^^^^^^^^^^^^
    )
    ^
  File "C:\Users\Dale\AppData\Roaming\Python\Python313\site-packages\google\auth\credentials.py", line 469, in before_request
    self._blocking_refresh(request)
    ~~~~~~~~~~~~~~~~~~~~~~^^^^^^^^^
  File "C:\Users\Dale\AppData\Roaming\Python\Python313\site-packages\google\auth\credentials.py", line 203, in _blocking_refresh
    self.refresh(request)
    ~~~~~~~~~~~~^^^^^^^^^
  File "C:\Users\Dale\AppData\Roaming\Python\Python313\site-packages\google\auth\credentials.py", line 482, in refresh
    self._perform_refresh_token(request)
    ~~~~~~~~~~~~~~~~~~~~~~~~~~~^^^^^^^^^
  File "C:\Users\Dale\AppData\Roaming\Python\Python313\site-packages\google\oauth2\service_account.py", line 460, in _perform_refresh_token
    access_token, expiry, _ = _client.jwt_grant(
                              ~~~~~~~~~~~~~~~~~^
        request, self._token_uri, assertion
        ^^^^^^^^^^^^^^^^^^^^^^^^^^^^^^^^^^^
    )
    ^
  File "C:\Users\Dale\AppData\Roaming\Python\Python313\site-packages\google\oauth2\_client.py", line 307, in jwt_grant
    response_data = _token_endpoint_request(
        request,
    ...<5 lines>...
        },
    )
  File "C:\Users\Dale\AppData\Roaming\Python\Python313\site-packages\google\oauth2\_client.py", line 278, in _token_endpoint_request
    _handle_error_response(response_data, retryable_error)
    ~~~~~~~~~~~~~~~~~~~~~~^^^^^^^^^^^^^^^^^^^^^^^^^^^^^^^^
  File "C:\Users\Dale\AppData\Roaming\Python\Python313\site-packages\google\oauth2\_client.py", line 73, in _handle_error_response
    raise exceptions.RefreshError(
        error_details, response_data, retryable=retryable_error
    )
google.auth.exceptions.RefreshError: ('invalid_grant: Invalid JWT Signature.', {'error': 'invalid_grant', 'error_description': 'Invalid JWT Signature.'})
2026-05-14 14:30:35,724 - ERROR - AuthMetadataPluginCallback "<google.auth.transport.grpc.AuthMetadataPlugin object at 0x000001F7C3776A50>" raised exception!
Traceback (most recent call last):
  File "C:\Users\Dale\AppData\Roaming\Python\Python313\site-packages\grpc\_plugin_wrapping.py", line 105, in __call__
    self._metadata_plugin(
    ~~~~~~~~~~~~~~~~~~~~~^
        context, _AuthMetadataPluginCallback(callback_state, callback)
        ^^^^^^^^^^^^^^^^^^^^^^^^^^^^^^^^^^^^^^^^^^^^^^^^^^^^^^^^^^^^^^
    )
    ^
  File "C:\Users\Dale\AppData\Roaming\Python\Python313\site-packages\google\auth\transport\grpc.py", line 93, in __call__
    callback(self._get_authorization_headers(context), None)
             ~~~~~~~~~~~~~~~~~~~~~~~~~~~~~~~^^^^^^^^^
  File "C:\Users\Dale\AppData\Roaming\Python\Python313\site-packages\google\auth\transport\grpc.py", line 79, in _get_authorization_headers
    self._credentials.before_request(
    ~~~~~~~~~~~~~~~~~~~~~~~~~~~~~~~~^
        self._request, context.method_name, context.service_url, headers
        ^^^^^^^^^^^^^^^^^^^^^^^^^^^^^^^^^^^^^^^^^^^^^^^^^^^^^^^^^^^^^^^^
    )
    ^
  File "C:\Users\Dale\AppData\Roaming\Python\Python313\site-packages\google\auth\credentials.py", line 469, in before_request
    self._blocking_refresh(request)
    ~~~~~~~~~~~~~~~~~~~~~~^^^^^^^^^
  File "C:\Users\Dale\AppData\Roaming\Python\Python313\site-packages\google\auth\credentials.py", line 203, in _blocking_refresh
    self.refresh(request)
    ~~~~~~~~~~~~^^^^^^^^^
  File "C:\Users\Dale\AppData\Roaming\Python\Python313\site-packages\google\auth\credentials.py", line 482, in refresh
    self._perform_refresh_token(request)
    ~~~~~~~~~~~~~~~~~~~~~~~~~~~^^^^^^^^^
  File "C:\Users\Dale\AppData\Roaming\Python\Python313\site-packages\google\oauth2\service_account.py", line 460, in _perform_refresh_token
    access_token, expiry, _ = _client.jwt_grant(
                              ~~~~~~~~~~~~~~~~~^
        request, self._token_uri, assertion
        ^^^^^^^^^^^^^^^^^^^^^^^^^^^^^^^^^^^
    )
    ^
  File "C:\Users\Dale\AppData\Roaming\Python\Python313\site-packages\google\oauth2\_client.py", line 307, in jwt_grant
    response_data = _token_endpoint_request(
        request,
    ...<5 lines>...
        },
    )
  File "C:\Users\Dale\AppData\Roaming\Python\Python313\site-packages\google\oauth2\_client.py", line 278, in _token_endpoint_request
    _handle_error_response(response_data, retryable_error)
    ~~~~~~~~~~~~~~~~~~~~~~^^^^^^^^^^^^^^^^^^^^^^^^^^^^^^^^
  File "C:\Users\Dale\AppData\Roaming\Python\Python313\site-packages\google\oauth2\_client.py", line 73, in _handle_error_response
    raise exceptions.RefreshError(
        error_details, response_data, retryable=retryable_error
    )
google.auth.exceptions.RefreshError: ('invalid_grant: Invalid JWT Signature.', {'error': 'invalid_grant', 'error_description': 'Invalid JWT Signature.'})
2026-05-14 14:30:43,380 - ERROR - AuthMetadataPluginCallback "<google.auth.transport.grpc.AuthMetadataPlugin object at 0x000001F7C3776A50>" raised exception!
Traceback (most recent call last):
  File "C:\Users\Dale\AppData\Roaming\Python\Python313\site-packages\grpc\_plugin_wrapping.py", line 105, in __call__
    self._metadata_plugin(
    ~~~~~~~~~~~~~~~~~~~~~^
        context, _AuthMetadataPluginCallback(callback_state, callback)
        ^^^^^^^^^^^^^^^^^^^^^^^^^^^^^^^^^^^^^^^^^^^^^^^^^^^^^^^^^^^^^^
    )
    ^
  File "C:\Users\Dale\AppData\Roaming\Python\Python313\site-packages\google\auth\transport\grpc.py", line 93, in __call__
    callback(self._get_authorization_headers(context), None)
             ~~~~~~~~~~~~~~~~~~~~~~~~~~~~~~~^^^^^^^^^
  File "C:\Users\Dale\AppData\Roaming\Python\Python313\site-packages\google\auth\transport\grpc.py", line 79, in _get_authorization_headers
    self._credentials.before_request(
    ~~~~~~~~~~~~~~~~~~~~~~~~~~~~~~~~^
        self._request, context.method_name, context.service_url, headers
        ^^^^^^^^^^^^^^^^^^^^^^^^^^^^^^^^^^^^^^^^^^^^^^^^^^^^^^^^^^^^^^^^
    )
    ^
  File "C:\Users\Dale\AppData\Roaming\Python\Python313\site-packages\google\auth\credentials.py", line 469, in before_request
    self._blocking_refresh(request)
    ~~~~~~~~~~~~~~~~~~~~~~^^^^^^^^^
  File "C:\Users\Dale\AppData\Roaming\Python\Python313\site-packages\google\auth\credentials.py", line 203, in _blocking_refresh
    self.refresh(request)
    ~~~~~~~~~~~~^^^^^^^^^
  File "C:\Users\Dale\AppData\Roaming\Python\Python313\site-packages\google\auth\credentials.py", line 482, in refresh
    self._perform_refresh_token(request)
    ~~~~~~~~~~~~~~~~~~~~~~~~~~~^^^^^^^^^
  File "C:\Users\Dale\AppData\Roaming\Python\Python313\site-packages\google\oauth2\service_account.py", line 460, in _perform_refresh_token
    access_token, expiry, _ = _client.jwt_grant(
                              ~~~~~~~~~~~~~~~~~^
        request, self._token_uri, assertion
        ^^^^^^^^^^^^^^^^^^^^^^^^^^^^^^^^^^^
    )
    ^
  File "C:\Users\Dale\AppData\Roaming\Python\Python313\site-packages\google\oauth2\_client.py", line 307, in jwt_grant
    response_data = _token_endpoint_request(
        request,
    ...<5 lines>...
        },
    )
  File "C:\Users\Dale\AppData\Roaming\Python\Python313\site-packages\google\oauth2\_client.py", line 278, in _token_endpoint_request
    _handle_error_response(response_data, retryable_error)
    ~~~~~~~~~~~~~~~~~~~~~~^^^^^^^^^^^^^^^^^^^^^^^^^^^^^^^^
  File "C:\Users\Dale\AppData\Roaming\Python\Python313\site-packages\google\oauth2\_client.py", line 73, in _handle_error_response
    raise exceptions.RefreshError(
        error_details, response_data, retryable=retryable_error
    )
google.auth.exceptions.RefreshError: ('invalid_grant: Invalid JWT Signature.', {'error': 'invalid_grant', 'error_description': 'Invalid JWT Signature.'})
2026-05-14 14:31:01,623 - ERROR - AuthMetadataPluginCallback "<google.auth.transport.grpc.AuthMetadataPlugin object at 0x000001F7C3776A50>" raised exception!
Traceback (most recent call last):
  File "C:\Users\Dale\AppData\Roaming\Python\Python313\site-packages\grpc\_plugin_wrapping.py", line 105, in __call__
    self._metadata_plugin(
    ~~~~~~~~~~~~~~~~~~~~~^
        context, _AuthMetadataPluginCallback(callback_state, callback)
        ^^^^^^^^^^^^^^^^^^^^^^^^^^^^^^^^^^^^^^^^^^^^^^^^^^^^^^^^^^^^^^
    )
    ^
  File "C:\Users\Dale\AppData\Roaming\Python\Python313\site-packages\google\auth\transport\grpc.py", line 93, in __call__
    callback(self._get_authorization_headers(context), None)
             ~~~~~~~~~~~~~~~~~~~~~~~~~~~~~~~^^^^^^^^^
  File "C:\Users\Dale\AppData\Roaming\Python\Python313\site-packages\google\auth\transport\grpc.py", line 79, in _get_authorization_headers
    self._credentials.before_request(
    ~~~~~~~~~~~~~~~~~~~~~~~~~~~~~~~~^
        self._request, context.method_name, context.service_url, headers
        ^^^^^^^^^^^^^^^^^^^^^^^^^^^^^^^^^^^^^^^^^^^^^^^^^^^^^^^^^^^^^^^^
    )
    ^
  File "C:\Users\Dale\AppData\Roaming\Python\Python313\site-packages\google\auth\credentials.py", line 469, in before_request
    self._blocking_refresh(request)
    ~~~~~~~~~~~~~~~~~~~~~~^^^^^^^^^
  File "C:\Users\Dale\AppData\Roaming\Python\Python313\site-packages\google\auth\credentials.py", line 203, in _blocking_refresh
    self.refresh(request)
    ~~~~~~~~~~~~^^^^^^^^^
  File "C:\Users\Dale\AppData\Roaming\Python\Python313\site-packages\google\auth\credentials.py", line 482, in refresh
    self._perform_refresh_token(request)
    ~~~~~~~~~~~~~~~~~~~~~~~~~~~^^^^^^^^^
  File "C:\Users\Dale\AppData\Roaming\Python\Python313\site-packages\google\oauth2\service_account.py", line 460, in _perform_refresh_token
    access_token, expiry, _ = _client.jwt_grant(
                              ~~~~~~~~~~~~~~~~~^
        request, self._token_uri, assertion
        ^^^^^^^^^^^^^^^^^^^^^^^^^^^^^^^^^^^
    )
    ^
  File "C:\Users\Dale\AppData\Roaming\Python\Python313\site-packages\google\oauth2\_client.py", line 307, in jwt_grant
    response_data = _token_endpoint_request(
        request,
    ...<5 lines>...
        },
    )
  File "C:\Users\Dale\AppData\Roaming\Python\Python313\site-packages\google\oauth2\_client.py", line 278, in _token_endpoint_request
    _handle_error_response(response_data, retryable_error)
    ~~~~~~~~~~~~~~~~~~~~~~^^^^^^^^^^^^^^^^^^^^^^^^^^^^^^^^
  File "C:\Users\Dale\AppData\Roaming\Python\Python313\site-packages\google\oauth2\_client.py", line 73, in _handle_error_response
    raise exceptions.RefreshError(
        error_details, response_data, retryable=retryable_error
    )
google.auth.exceptions.RefreshError: ('invalid_grant: Invalid JWT Signature.', {'error': 'invalid_grant', 'error_description': 'Invalid JWT Signature.'})
2026-05-14 14:31:36,999 - ERROR - AuthMetadataPluginCallback "<google.auth.transport.grpc.AuthMetadataPlugin object at 0x000001F7C3776A50>" raised exception!
Traceback (most recent call last):
  File "C:\Users\Dale\AppData\Roaming\Python\Python313\site-packages\grpc\_plugin_wrapping.py", line 105, in __call__
    self._metadata_plugin(
    ~~~~~~~~~~~~~~~~~~~~~^
        context, _AuthMetadataPluginCallback(callback_state, callback)
        ^^^^^^^^^^^^^^^^^^^^^^^^^^^^^^^^^^^^^^^^^^^^^^^^^^^^^^^^^^^^^^
    )
    ^
  File "C:\Users\Dale\AppData\Roaming\Python\Python313\site-packages\google\auth\transport\grpc.py", line 93, in __call__
    callback(self._get_authorization_headers(context), None)
             ~~~~~~~~~~~~~~~~~~~~~~~~~~~~~~~^^^^^^^^^
  File "C:\Users\Dale\AppData\Roaming\Python\Python313\site-packages\google\auth\transport\grpc.py", line 79, in _get_authorization_headers
    self._credentials.before_request(
    ~~~~~~~~~~~~~~~~~~~~~~~~~~~~~~~~^
        self._request, context.method_name, context.service_url, headers
        ^^^^^^^^^^^^^^^^^^^^^^^^^^^^^^^^^^^^^^^^^^^^^^^^^^^^^^^^^^^^^^^^
    )
    ^
  File "C:\Users\Dale\AppData\Roaming\Python\Python313\site-packages\google\auth\credentials.py", line 469, in before_request
    self._blocking_refresh(request)
    ~~~~~~~~~~~~~~~~~~~~~~^^^^^^^^^
  File "C:\Users\Dale\AppData\Roaming\Python\Python313\site-packages\google\auth\credentials.py", line 203, in _blocking_refresh
    self.refresh(request)
    ~~~~~~~~~~~~^^^^^^^^^
  File "C:\Users\Dale\AppData\Roaming\Python\Python313\site-packages\google\auth\credentials.py", line 482, in refresh
    self._perform_refresh_token(request)
    ~~~~~~~~~~~~~~~~~~~~~~~~~~~^^^^^^^^^
  File "C:\Users\Dale\AppData\Roaming\Python\Python313\site-packages\google\oauth2\service_account.py", line 460, in _perform_refresh_token
    access_token, expiry, _ = _client.jwt_grant(
                              ~~~~~~~~~~~~~~~~~^
        request, self._token_uri, assertion
        ^^^^^^^^^^^^^^^^^^^^^^^^^^^^^^^^^^^
    )
    ^
  File "C:\Users\Dale\AppData\Roaming\Python\Python313\site-packages\google\oauth2\_client.py", line 307, in jwt_grant
    response_data = _token_endpoint_request(
        request,
    ...<5 lines>...
        },
    )
  File "C:\Users\Dale\AppData\Roaming\Python\Python313\site-packages\google\oauth2\_client.py", line 278, in _token_endpoint_request
    _handle_error_response(response_data, retryable_error)
    ~~~~~~~~~~~~~~~~~~~~~~^^^^^^^^^^^^^^^^^^^^^^^^^^^^^^^^
  File "C:\Users\Dale\AppData\Roaming\Python\Python313\site-packages\google\oauth2\_client.py", line 73, in _handle_error_response
    raise exceptions.RefreshError(
        error_details, response_data, retryable=retryable_error
    )
google.auth.exceptions.RefreshError: ('invalid_grant: Invalid JWT Signature.', {'error': 'invalid_grant', 'error_description': 'Invalid JWT Signature.'})
