2026-05-15 14:14:15,307 - INFO - ======================================================================
2026-05-15 14:14:15,324 - INFO - 🚦 RUN STARTED
2026-05-15 14:14:15,332 - INFO -    Run ID   : 0f6fd770-c95d-445e-b59f-5026616481e4
2026-05-15 14:14:15,333 - INFO -    Start    : 2026-05-15 14:14:15
2026-05-15 14:14:15,333 - INFO -    Log file : logs\run_2026-05-15_14-14-14.log
2026-05-15 14:14:15,333 - INFO - ======================================================================
2026-05-15 14:14:19,385 - INFO - 📋 Loaded 1 enabled target(s) from Firestore.
2026-05-15 14:14:27,488 - INFO - ----------------------------------------------------------------------
2026-05-15 14:14:27,489 - INFO - 🎯 TARGET: 'Aston Martin' | site=autotrader | maxPages=2
2026-05-15 14:14:27,854 - INFO - ⏭️  'Aston Martin' already exhausted — skipping.
2026-05-15 14:14:27,898 - INFO - ⏭️  Skipping 'Aston Martin' (already exhausted today).
2026-05-15 14:14:30,570 - INFO - ======================================================================
2026-05-15 14:14:30,571 - INFO - 🏁 RUN FINISHED
2026-05-15 14:14:30,571 - INFO -    Run ID     : 0f6fd770-c95d-445e-b59f-5026616481e4
2026-05-15 14:14:30,572 - INFO -    Start      : 2026-05-15 14:14:15
2026-05-15 14:14:30,572 - INFO -    End        : 2026-05-15 14:14:30
2026-05-15 14:14:30,572 - INFO -    Duration   : 0:00:15
2026-05-15 14:14:30,573 - INFO -    Cars saved : 0
2026-05-15 14:14:30,573 - INFO -    Targets ✔  : 0
2026-05-15 14:14:30,574 - INFO -    Targets ⏭  : 1
2026-05-15 14:14:30,575 - INFO -    Targets ✗  : 0
2026-05-15 14:14:30,575 - INFO -    Log file   : logs\run_2026-05-15_14-14-14.log
2026-05-15 14:14:30,575 - INFO - ======================================================================
